------------------------------------------------------------
Timing Analyzer Summary
------------------------------------------------------------

Type  : Slow 1100mV 85C Model Setup 'clk'
Slack : -3.281
TNS   : -128.247

Type  : Slow 1100mV 85C Model Hold 'clk'
Slack : 0.316
TNS   : 0.000

Type  : Slow 1100mV 85C Model Minimum Pulse Width 'clk'
Slack : -0.724
TNS   : -50.928

Type  : Slow 1100mV 0C Model Setup 'clk'
Slack : -3.491
TNS   : -137.606

Type  : Slow 1100mV 0C Model Hold 'clk'
Slack : 0.304
TNS   : 0.000

Type  : Slow 1100mV 0C Model Minimum Pulse Width 'clk'
Slack : -0.724
TNS   : -51.105

Type  : Fast 1100mV 85C Model Setup 'clk'
Slack : -0.688
TNS   : -23.157

Type  : Fast 1100mV 85C Model Hold 'clk'
Slack : 0.140
TNS   : 0.000

Type  : Fast 1100mV 85C Model Minimum Pulse Width 'clk'
Slack : -0.087
TNS   : -3.932

Type  : Fast 1100mV 0C Model Setup 'clk'
Slack : -0.641
TNS   : -20.885

Type  : Fast 1100mV 0C Model Hold 'clk'
Slack : 0.128
TNS   : 0.000

Type  : Fast 1100mV 0C Model Minimum Pulse Width 'clk'
Slack : -0.086
TNS   : -3.904

------------------------------------------------------------
